[INFO] [launch]: All log files can be found below /root/.ros/log/2026-09-10-18-47-42-950979-kennel-vm-1169
[INFO] [launch]: Default logging verbosity is set to INFO
[WARN] [1789066062.999875051] [rcl]: Found remap rule 'sim:=go2'. This syntax is deprecated. Use '--ros-args --remap sim:=go2' instead.
[INFO] [1789066063.047941310] [safe_start_launcher]: Safe start launcher is running
[INFO] [1789066063.115614161] [safe_start_launcher]: Wait for quad_state message and collect it for 3 seconds
[INFO] [1789066066.121555468] [safe_start_launcher]: No pose drift: OK
[INFO] [1789066066.122845937] [safe_start_launcher]: No velocity: OK
[INFO] [1789066066.123771391] [safe_start_launcher]: Safe standup successful, handing over to controller launch
[INFO] [mitcontrollernode-1]: process started with pid [1193]
[INFO] [log_cpu_power-2]: process started with pid [1195]
[INFO] [joy_linux_node-3]: process started with pid [1197]
[INFO] [joy_to_target.py-4]: process started with pid [1199]
[joy_linux_node-3] [ERROR] [1789066066.161560747] [joy_linux_node]: Couldn't open joystick /dev/input/js0. Will retry every second.
[mitcontrollernode-1] Loaded URDF model_ with 19 joints and 18 degrees of freedom.
[mitcontrollernode-1] data mass -1
[mitcontrollernode-1] data inertia 0 0 0
[mitcontrollernode-1] 0 0 0
[mitcontrollernode-1] 0 0 0
[mitcontrollernode-1] Joint names:
[mitcontrollernode-1] - universe
[mitcontrollernode-1] - root_joint
[mitcontrollernode-1] - bl_abad
[mitcontrollernode-1] - bl_shoulder
[mitcontrollernode-1] - bl_knee
[mitcontrollernode-1] - br_abad
[mitcontrollernode-1] - br_shoulder
[mitcontrollernode-1] - br_knee
[mitcontrollernode-1] - fl_abad
[mitcontrollernode-1] - fl_shoulder
[mitcontrollernode-1] - fl_knee
[mitcontrollernode-1] - fr_abad
[mitcontrollernode-1] - fr_shoulder
[mitcontrollernode-1] - fr_knee
[mitcontrollernode-1] Joint 8: fl_abad
[mitcontrollernode-1] Joint 9: fl_shoulder
[mitcontrollernode-1] Joint 10: fl_knee
[mitcontrollernode-1] Joint 11: fr_abad
[mitcontrollernode-1] Joint 12: fr_shoulder
[mitcontrollernode-1] Joint 13: fr_knee
[mitcontrollernode-1] Joint 2: bl_abad
[mitcontrollernode-1] Joint 3: bl_shoulder
[mitcontrollernode-1] Joint 4: bl_knee
[mitcontrollernode-1] Joint 5: br_abad
[mitcontrollernode-1] Joint 6: br_shoulder
[mitcontrollernode-1] Joint 7: br_knee
[mitcontrollernode-1] Inertia element idx: 8
[mitcontrollernode-1] Inertia element idx: 9
[mitcontrollernode-1] Inertia element idx: 10
[mitcontrollernode-1] Inertia element idx: 11
[mitcontrollernode-1] Inertia element idx: 12
[mitcontrollernode-1] Inertia element idx: 13
[mitcontrollernode-1] Inertia element idx: 2
[mitcontrollernode-1] Inertia element idx: 3
[mitcontrollernode-1] Inertia element idx: 4
[mitcontrollernode-1] Inertia element idx: 5
[mitcontrollernode-1] Inertia element idx: 6
[mitcontrollernode-1] Inertia element idx: 7
[mitcontrollernode-1] [INFO] [1789066066.504146715] [mit_controller_node]: Early contact detection is activated
[mitcontrollernode-1] [INFO] [1789066066.504235922] [mit_controller_node]: Controller running in JOINT_CONTROL or JOINT_TORQUE_CONTROL mode
[log_cpu_power-2] [ERROR] [1789066066.602961300] [cpu_power_logging_node]: Could not open energy_uj file.
[INFO] [log_cpu_power-2]: process has finished cleanly [pid 1195]
[mitcontrollernode-1] [INFO] [1789066069.378547884] [mit_controller_node]: First quad_state received, initializing controller
[mitcontrollernode-1] [INFO] [1789066069.378673469] [mit_controller_node]: Creating simple gait sequencer
[mitcontrollernode-1] [INFO] [1789066069.378685832] [mit_controller_node]: Create gait of type [STAND]
[mitcontrollernode-1] Set condensing to 5
[mitcontrollernode-1] Set osqp linear system solver to qdldl
[mitcontrollernode-1]  ---> Original problem dimensions: 
[mitcontrollernode-1] k	nx	nu	nb	nbx	nbu	ng	ns
[mitcontrollernode-1] 0	13	12	25	13	12	16	0	
[mitcontrollernode-1] 1	13	12	12	0	12	16	0	
[mitcontrollernode-1] 2	13	12	12	0	12	16	0	
[mitcontrollernode-1] 3	13	12	12	0	12	16	0	
[mitcontrollernode-1] 4	13	12	12	0	12	16	0	
[mitcontrollernode-1] 5	13	12	12	0	12	16	0	
[mitcontrollernode-1] 6	13	12	12	0	12	16	0	
[mitcontrollernode-1] 7	13	12	12	0	12	16	0	
[mitcontrollernode-1] 8	13	12	12	0	12	16	0	
[mitcontrollernode-1] 9	13	12	12	0	12	16	0	
[mitcontrollernode-1] 10	13	0	0	0	0	0	0	
[mitcontrollernode-1]  <--- 
[mitcontrollernode-1]  ---> Partial condensed problem dimensions: 
[mitcontrollernode-1] k	nx	nu	nb	nbx	nbu	ng	ns
[mitcontrollernode-1] 0	13	24	37	13	24	32	0	
[mitcontrollernode-1] 1	13	24	24	0	24	32	0	
[mitcontrollernode-1] 2	13	24	24	0	24	32	0	
[mitcontrollernode-1] 3	13	24	24	0	24	32	0	
[mitcontrollernode-1] 4	13	24	24	0	24	32	0	
[mitcontrollernode-1] 5	13	0	0	0	0	0	0	
[mitcontrollernode-1]  <--- 
[mitcontrollernode-1] [INFO] [1789066069.382753827] [mit_controller_node]: Choosing Kalman Filter for Model Adaptation
[mitcontrollernode-1] Loading URDF from src/common/model/urdf/go2/urdf/go2_description.urdf
[mitcontrollernode-1] com weights: 10, 10, 10, 10, 10, 10 
[mitcontrollernode-1] joint [0, 0] fl_abad [6]
[mitcontrollernode-1] joint [0, 1] fl_shoulder [7]
[mitcontrollernode-1] joint [0, 2] fl_knee [8]
[mitcontrollernode-1] joint [1, 0] fr_abad [9]
[mitcontrollernode-1] joint [1, 1] fr_shoulder [10]
[mitcontrollernode-1] joint [1, 2] fr_knee [11]
[mitcontrollernode-1] joint [2, 0] bl_abad [0]
[mitcontrollernode-1] joint [2, 1] bl_shoulder [1]
[mitcontrollernode-1] joint [2, 2] bl_knee [2]
[mitcontrollernode-1] joint [3, 0] br_abad [3]
[mitcontrollernode-1] joint [3, 1] br_shoulder [4]
[mitcontrollernode-1] joint [3, 2] br_knee [5]
[mitcontrollernode-1] [INFO] [1789066069.384388411] [mit_controller_node]: Waiting for leg driver service to become available
[mitcontrollernode-1] [INFO] [1789066069.385174495] [mit_controller_node]: Starting controller
[mitcontrollernode-1] [INFO] [1789066080.269312503] [mit_controller_node]: Changed parameter simple_gait_sequencer.gait sucessfully
[mitcontrollernode-1] [INFO] [1789066080.269381602] [mit_controller_node]: Gait related parameter has changed, reloading gait sequencer
[mitcontrollernode-1] [INFO] [1789066080.269486368] [mit_controller_node]: Creating simple gait sequencer
[mitcontrollernode-1] [INFO] [1789066080.269503420] [mit_controller_node]: Create gait of type [WALKING_TROT]
[mitcontrollernode-1] [INFO] [1789066080.608049576] [mit_controller_node]: Foot [2] has early contact
[mitcontrollernode-1] [INFO] [1789066080.610653137] [mit_controller_node]: Foot [1] has early contact
[mitcontrollernode-1] [INFO] [1789066080.933329485] [mit_controller_node]: Foot [0] has early contact
[mitcontrollernode-1] [INFO] [1789066080.933374549] [mit_controller_node]: Foot [3] has early contact
[mitcontrollernode-1] [INFO] [1789066081.272092076] [mit_controller_node]: Foot [1] has early contact
[mitcontrollernode-1] [INFO] [1789066081.277599380] [mit_controller_node]: Foot [2] has early contact
[mitcontrollernode-1] Updated state weights to:     20    200     50 0.0001 0.0001    100    0.2    0.2    0.8     20     20    0.3
[mitcontrollernode-1] [INFO] [1789066081.605430600] [mit_controller_node]: Foot [0] has early contact
[mitcontrollernode-1] [INFO] [1789066081.605478731] [mit_controller_node]: Foot [3] has early contact
[mitcontrollernode-1] [INFO] [1789066081.943085546] [mit_controller_node]: Foot [1] has early contact
[mitcontrollernode-1] [INFO] [1789066082.601836737] [mit_controller_node]: Foot [1] has early contact
[mitcontrollernode-1] [INFO] [1789066083.261327495] [mit_controller_node]: Foot [1] has early contact
[mitcontrollernode-1] [INFO] [1789066083.268169350] [mit_controller_node]: Foot [2] has early contact
[mitcontrollernode-1] [INFO] [1789066084.268029071] [mit_controller_node]: Foot [0] has early contact
[mitcontrollernode-1] [INFO] [1789066084.272127513] [mit_controller_node]: Foot [3] has early contact
[mitcontrollernode-1] [INFO] [1789066084.939684501] [mit_controller_node]: Foot [0] has early contact
[mitcontrollernode-1] [INFO] [1789066084.941489214] [mit_controller_node]: Foot [3] has early contact
[mitcontrollernode-1] [INFO] [1789066085.938614048] [mit_controller_node]: Foot [1] has early contact
[mitcontrollernode-1] [INFO] [1789066085.944413268] [mit_controller_node]: Foot [2] has early contact
[mitcontrollernode-1] [INFO] [1789066086.610634322] [mit_controller_node]: Foot [1] has early contact
[mitcontrollernode-1] [INFO] [1789066097.610656320] [mit_controller_node]: Foot [0] has early contact
[mitcontrollernode-1] [INFO] [1789066103.613518383] [mit_controller_node]: Foot [0] has early contact
[mitcontrollernode-1] [INFO] [1789066105.610803227] [mit_controller_node]: Foot [0] has early contact
[mitcontrollernode-1] Updated state weights to: 30 30 30 30 30 30  1  1  1  1  1  1
[mitcontrollernode-1] [INFO] [1789066108.269332798] [mit_controller_node]: Foot [0] has early contact
[mitcontrollernode-1] [INFO] [1789066108.274719617] [mit_controller_node]: Foot [3] has early contact
[mitcontrollernode-1] [INFO] [1789066108.597362133] [mit_controller_node]: Foot [1] has early contact
[mitcontrollernode-1] [INFO] [1789066108.920352264] [mit_controller_node]: Foot [0] has early contact
[mitcontrollernode-1] [INFO] [1789066108.941445895] [mit_controller_node]: Foot [3] has early contact
[mitcontrollernode-1] [INFO] [1789066109.269306506] [mit_controller_node]: Foot [2] has early contact
[mitcontrollernode-1] [INFO] [1789066109.488002900] [mit_controller_node]: Foot [0] has early contact
[mitcontrollernode-1] [INFO] [1789066109.608045245] [mit_controller_node]: Foot [3] has early contact
[mitcontrollernode-1] [INFO] [1789066109.837446480] [mit_controller_node]: Foot [2] has early contact
[mitcontrollernode-1] [INFO] [1789066109.936175932] [mit_controller_node]: Foot [1] has early contact
[mitcontrollernode-1] [INFO] [1789066110.224037876] [mit_controller_node]: Foot [0] has early contact
[mitcontrollernode-1] [INFO] [1789066110.245382527] [mit_controller_node]: Foot [3] has early contact
[mitcontrollernode-1] [INFO] [1789066110.562687855] [mit_controller_node]: Foot [2] has early contact
[mitcontrollernode-1] [INFO] [1789066110.594797807] [mit_controller_node]: Foot [1] has early contact
[mitcontrollernode-1] [INFO] [1789066110.922861851] [mit_controller_node]: Foot [0] has early contact
[mitcontrollernode-1] [INFO] [1789066110.936238195] [mit_controller_node]: Foot [3] has early contact
[mitcontrollernode-1] [INFO] [1789066111.258774602] [mit_controller_node]: Foot [2] has early contact
[mitcontrollernode-1] [INFO] [1789066111.264159753] [mit_controller_node]: Foot [1] has early contact
[mitcontrollernode-1] [INFO] [1789066111.584246629] [mit_controller_node]: Foot [3] has early contact
[mitcontrollernode-1] [INFO] [1789066111.602935251] [mit_controller_node]: Foot [0] has early contact
[mitcontrollernode-1] [INFO] [1789066111.919996414] [mit_controller_node]: Foot [2] has early contact
[mitcontrollernode-1] [INFO] [1789066111.930918881] [mit_controller_node]: Foot [1] has early contact
[mitcontrollernode-1] [INFO] [1789066112.159737788] [mit_controller_node]: Changed parameter simple_gait_sequencer.gait sucessfully
[mitcontrollernode-1] [INFO] [1789066112.159774376] [mit_controller_node]: Gait related parameter has changed, reloading gait sequencer
[mitcontrollernode-1] [INFO] [1789066112.159821105] [mit_controller_node]: Creating simple gait sequencer
[mitcontrollernode-1] [INFO] [1789066112.159830675] [mit_controller_node]: Create gait of type [STAND]
