[INFO] [launch]: All log files can be found below /root/.ros/log/2026-08-07-15-45-50-639237-kennel-vm-5923
[INFO] [launch]: Default logging verbosity is set to INFO
[WARN] [1786117550.679188309] [rcl]: Found remap rule 'sim:=go2'. This syntax is deprecated. Use '--ros-args --remap sim:=go2' instead.
[INFO] [1786117550.728534720] [safe_start_launcher]: Safe start launcher is running
[INFO] [1786117550.839106601] [safe_start_launcher]: Wait for quad_state message and collect it for 3 seconds
[INFO] [1786117553.844813261] [safe_start_launcher]: No pose drift: OK
[INFO] [1786117553.845546784] [safe_start_launcher]: No velocity: OK
[INFO] [1786117553.846206948] [safe_start_launcher]: Safe standup successful, handing over to controller launch
[INFO] [mitcontrollernode-1]: process started with pid [5941]
[INFO] [log_cpu_power-2]: process started with pid [5943]
[INFO] [joy_linux_node-3]: process started with pid [5945]
[INFO] [joy_to_target.py-4]: process started with pid [5947]
[joy_linux_node-3] [ERROR] [1786117553.887235435] [joy_linux_node]: Couldn't open joystick /dev/input/js0. Will retry every second.
[mitcontrollernode-1] Loaded URDF model_ with 19 joints and 18 degrees of freedom.
[mitcontrollernode-1] data mass -1
[mitcontrollernode-1] data inertia 0 0 0
[mitcontrollernode-1] 0 0 0
[mitcontrollernode-1] 0 0 0
[mitcontrollernode-1] Joint names:
[mitcontrollernode-1] - universe
[mitcontrollernode-1] - root_joint
[mitcontrollernode-1] - bl_abad
[mitcontrollernode-1] - bl_shoulder
[mitcontrollernode-1] - bl_knee
[mitcontrollernode-1] - br_abad
[mitcontrollernode-1] - br_shoulder
[mitcontrollernode-1] - br_knee
[mitcontrollernode-1] - fl_abad
[mitcontrollernode-1] - fl_shoulder
[mitcontrollernode-1] - fl_knee
[mitcontrollernode-1] - fr_abad
[mitcontrollernode-1] - fr_shoulder
[mitcontrollernode-1] - fr_knee
[mitcontrollernode-1] Joint 8: fl_abad
[mitcontrollernode-1] Joint 9: fl_shoulder
[mitcontrollernode-1] Joint 10: fl_knee
[mitcontrollernode-1] Joint 11: fr_abad
[mitcontrollernode-1] Joint 12: fr_shoulder
[mitcontrollernode-1] Joint 13: fr_knee
[mitcontrollernode-1] Joint 2: bl_abad
[mitcontrollernode-1] Joint 3: bl_shoulder
[mitcontrollernode-1] Joint 4: bl_knee
[mitcontrollernode-1] Joint 5: br_abad
[mitcontrollernode-1] Joint 6: br_shoulder
[mitcontrollernode-1] Joint 7: br_knee
[mitcontrollernode-1] Inertia element idx: 8
[mitcontrollernode-1] Inertia element idx: 9
[mitcontrollernode-1] Inertia element idx: 10
[mitcontrollernode-1] Inertia element idx: 11
[mitcontrollernode-1] Inertia element idx: 12
[mitcontrollernode-1] Inertia element idx: 13
[mitcontrollernode-1] Inertia element idx: 2
[mitcontrollernode-1] Inertia element idx: 3
[mitcontrollernode-1] Inertia element idx: 4
[mitcontrollernode-1] Inertia element idx: 5
[mitcontrollernode-1] Inertia element idx: 6
[mitcontrollernode-1] Inertia element idx: 7
[mitcontrollernode-1] [INFO] [1786117553.928688892] [mit_controller_node]: Early contact detection is activated
[mitcontrollernode-1] [INFO] [1786117553.928786756] [mit_controller_node]: Controller running in JOINT_CONTROL or JOINT_TORQUE_CONTROL mode
[log_cpu_power-2] [ERROR] [1786117553.976770613] [cpu_power_logging_node]: Could not open energy_uj file.
[mitcontrollernode-1] [INFO] [1786117553.991662994] [mit_controller_node]: First quad_state received, initializing controller
[mitcontrollernode-1] [INFO] [1786117553.991792829] [mit_controller_node]: Creating simple gait sequencer
[mitcontrollernode-1] [INFO] [1786117553.991801255] [mit_controller_node]: Create gait of type [STAND]
[mitcontrollernode-1] Set condensing to 5
[mitcontrollernode-1] Set osqp linear system solver to qdldl
[mitcontrollernode-1]  ---> Original problem dimensions: 
[mitcontrollernode-1] k	nx	nu	nb	nbx	nbu	ng	ns
[mitcontrollernode-1] 0	13	12	25	13	12	16	0	
[mitcontrollernode-1] 1	13	12	12	0	12	16	0	
[mitcontrollernode-1] 2	13	12	12	0	12	16	0	
[mitcontrollernode-1] 3	13	12	12	0	12	16	0	
[mitcontrollernode-1] 4	13	12	12	0	12	16	0	
[mitcontrollernode-1] 5	13	12	12	0	12	16	0	
[mitcontrollernode-1] 6	13	12	12	0	12	16	0	
[mitcontrollernode-1] 7	13	12	12	0	12	16	0	
[mitcontrollernode-1] 8	13	12	12	0	12	16	0	
[mitcontrollernode-1] 9	13	12	12	0	12	16	0	
[mitcontrollernode-1] 10	13	0	0	0	0	0	0	
[mitcontrollernode-1]  <--- 
[mitcontrollernode-1]  ---> Partial condensed problem dimensions: 
[mitcontrollernode-1] k	nx	nu	nb	nbx	nbu	ng	ns
[mitcontrollernode-1] 0	13	24	37	13	24	32	0	
[mitcontrollernode-1] 1	13	24	24	0	24	32	0	
[mitcontrollernode-1] 2	13	24	24	0	24	32	0	
[mitcontrollernode-1] 3	13	24	24	0	24	32	0	
[mitcontrollernode-1] 4	13	24	24	0	24	32	0	
[mitcontrollernode-1] 5	13	0	0	0	0	0	0	
[mitcontrollernode-1]  <--- 
[mitcontrollernode-1] [INFO] [1786117553.995918376] [mit_controller_node]: Choosing Kalman Filter for Model Adaptation
[mitcontrollernode-1] Loading URDF from src/common/model/urdf/go2/urdf/go2_description.urdf
[mitcontrollernode-1] com weights: 10, 10, 10, 10, 10, 10 
[mitcontrollernode-1] joint [0, 0] fl_abad [6]
[mitcontrollernode-1] joint [0, 1] fl_shoulder [7]
[mitcontrollernode-1] joint [0, 2] fl_knee [8]
[mitcontrollernode-1] joint [1, 0] fr_abad [9]
[mitcontrollernode-1] joint [1, 1] fr_shoulder [10]
[mitcontrollernode-1] joint [1, 2] fr_knee [11]
[mitcontrollernode-1] joint [2, 0] bl_abad [0]
[mitcontrollernode-1] joint [2, 1] bl_shoulder [1]
[mitcontrollernode-1] joint [2, 2] bl_knee [2]
[mitcontrollernode-1] joint [3, 0] br_abad [3]
[mitcontrollernode-1] joint [3, 1] br_shoulder [4]
[mitcontrollernode-1] joint [3, 2] br_knee [5]
[mitcontrollernode-1] [INFO] [1786117553.997317463] [mit_controller_node]: Waiting for leg driver service to become available
[mitcontrollernode-1] [INFO] [1786117553.998107522] [mit_controller_node]: Starting controller
[INFO] [log_cpu_power-2]: process has finished cleanly [pid 5943]
[mitcontrollernode-1] [INFO] [1786117625.429231737] [mit_controller_node]: Changed parameter simple_gait_sequencer.gait sucessfully
[mitcontrollernode-1] [INFO] [1786117625.429296639] [mit_controller_node]: Gait related parameter has changed, reloading gait sequencer
[mitcontrollernode-1] [INFO] [1786117625.429416395] [mit_controller_node]: Creating simple gait sequencer
[mitcontrollernode-1] [INFO] [1786117625.429427747] [mit_controller_node]: Create gait of type [WALKING_TROT]
[mitcontrollernode-1] [INFO] [1786117625.763727867] [mit_controller_node]: Foot [2] has early contact
[mitcontrollernode-1] [INFO] [1786117625.769117597] [mit_controller_node]: Foot [1] has early contact
[mitcontrollernode-1] [INFO] [1786117626.089082360] [mit_controller_node]: Foot [3] has early contact
[mitcontrollernode-1] [INFO] [1786117626.094369287] [mit_controller_node]: Foot [0] has early contact
[mitcontrollernode-1] [INFO] [1786117626.433035673] [mit_controller_node]: Foot [1] has early contact
[mitcontrollernode-1] [INFO] [1786117626.435725208] [mit_controller_node]: Foot [2] has early contact
[mitcontrollernode-1] [INFO] [1786117626.758511231] [mit_controller_node]: Foot [0] has early contact
[mitcontrollernode-1] [INFO] [1786117626.766522015] [mit_controller_node]: Foot [3] has early contact
[mitcontrollernode-1] Updated state weights to:     20    200     50 0.0001 0.0001    100    0.2    0.2    0.8     20     20    0.3
[mitcontrollernode-1] [INFO] [1786117627.105261161] [mit_controller_node]: Foot [1] has early contact
[mitcontrollernode-1] [INFO] [1786117627.105360229] [mit_controller_node]: Foot [2] has early contact
[mitcontrollernode-1] [INFO] [1786117627.433041575] [mit_controller_node]: Foot [0] has early contact
[mitcontrollernode-1] [INFO] [1786117627.433089616] [mit_controller_node]: Foot [3] has early contact
[mitcontrollernode-1] [INFO] [1786117627.761209931] [mit_controller_node]: Foot [1] has early contact
[mitcontrollernode-1] [INFO] [1786117627.766434028] [mit_controller_node]: Foot [2] has early contact
[mitcontrollernode-1] [INFO] [1786117628.425053406] [mit_controller_node]: Foot [1] has early contact
[mitcontrollernode-1] [INFO] [1786117628.433643945] [mit_controller_node]: Foot [2] has early contact
[mitcontrollernode-1] [INFO] [1786117629.096964010] [mit_controller_node]: Foot [1] has early contact
[mitcontrollernode-1] [INFO] [1786117629.099644578] [mit_controller_node]: Foot [2] has early contact
[mitcontrollernode-1] [INFO] [1786117629.430336941] [mit_controller_node]: Foot [3] has early contact
[mitcontrollernode-1] [INFO] [1786117629.435864451] [mit_controller_node]: Foot [0] has early contact
[mitcontrollernode-1] [INFO] [1786117630.091688096] [mit_controller_node]: Foot [0] has early contact
[mitcontrollernode-1] [INFO] [1786117630.094319020] [mit_controller_node]: Foot [3] has early contact
[mitcontrollernode-1] [INFO] [1786117631.091717423] [mit_controller_node]: Foot [1] has early contact
[mitcontrollernode-1] [INFO] [1786117631.094262786] [mit_controller_node]: Foot [2] has early contact
[mitcontrollernode-1] [INFO] [1786117631.760827746] [mit_controller_node]: Foot [1] has early contact
[mitcontrollernode-1] [INFO] [1786117631.767912454] [mit_controller_node]: Foot [2] has early contact
[mitcontrollernode-1] [INFO] [1786117632.435639867] [mit_controller_node]: Foot [1] has early contact
[mitcontrollernode-1] [INFO] [1786117633.438964224] [mit_controller_node]: Foot [0] has early contact
[mitcontrollernode-1] [INFO] [1786117635.102493667] [mit_controller_node]: Foot [1] has early contact
[mitcontrollernode-1] [INFO] [1786117635.766871086] [mit_controller_node]: Foot [1] has early contact
[mitcontrollernode-1] [INFO] [1786117635.771880479] [mit_controller_node]: Foot [2] has early contact
[mitcontrollernode-1] [INFO] [1786117636.439168761] [mit_controller_node]: Foot [1] has early contact
[mitcontrollernode-1] [INFO] [1786117637.771705422] [mit_controller_node]: Foot [1] has early contact
[mitcontrollernode-1] [INFO] [1786117638.433835508] [mit_controller_node]: Foot [1] has early contact
[mitcontrollernode-1] [INFO] [1786117638.436476202] [mit_controller_node]: Foot [2] has early contact
[mitcontrollernode-1] [INFO] [1786117639.105460079] [mit_controller_node]: Foot [1] has early contact
[mitcontrollernode-1] [INFO] [1786117639.773072109] [mit_controller_node]: Foot [1] has early contact
[mitcontrollernode-1] [INFO] [1786117640.439740468] [mit_controller_node]: Foot [1] has early contact
[mitcontrollernode-1] [INFO] [1786117641.107029185] [mit_controller_node]: Foot [1] has early contact
[mitcontrollernode-1] [INFO] [1786117641.107091132] [mit_controller_node]: Foot [2] has early contact
[mitcontrollernode-1] [INFO] [1786117641.772147518] [mit_controller_node]: Foot [1] has early contact
[mitcontrollernode-1] [INFO] [1786117642.439624793] [mit_controller_node]: Foot [1] has early contact
[mitcontrollernode-1] [INFO] [1786117643.105952254] [mit_controller_node]: Foot [1] has early contact
[mitcontrollernode-1] [INFO] [1786117644.438325357] [mit_controller_node]: Foot [1] has early contact
[mitcontrollernode-1] [INFO] [1786117645.105118474] [mit_controller_node]: Foot [1] has early contact
[mitcontrollernode-1] [INFO] [1786117650.438345189] [mit_controller_node]: Foot [1] has early contact
[mitcontrollernode-1] [INFO] [1786117658.438339244] [mit_controller_node]: Foot [1] has early contact
[mitcontrollernode-1] [INFO] [1786117659.771623388] [mit_controller_node]: Foot [1] has early contact
[mitcontrollernode-1] [INFO] [1786117661.104997688] [mit_controller_node]: Foot [1] has early contact
[mitcontrollernode-1] [INFO] [1786117661.772203872] [mit_controller_node]: Foot [1] has early contact
[mitcontrollernode-1] [INFO] [1786117662.438429864] [mit_controller_node]: Foot [1] has early contact
[mitcontrollernode-1] [INFO] [1786117663.102335282] [mit_controller_node]: Foot [1] has early contact
[mitcontrollernode-1] [INFO] [1786117664.435704540] [mit_controller_node]: Foot [1] has early contact
[mitcontrollernode-1] [INFO] [1786117665.102352210] [mit_controller_node]: Foot [1] has early contact
[mitcontrollernode-1] [INFO] [1786117665.769073921] [mit_controller_node]: Foot [1] has early contact
[mitcontrollernode-1] [INFO] [1786117666.435686935] [mit_controller_node]: Foot [1] has early contact
[mitcontrollernode-1] [INFO] [1786117667.102354578] [mit_controller_node]: Foot [1] has early contact
[mitcontrollernode-1] [INFO] [1786117667.772012918] [mit_controller_node]: Foot [1] has early contact
[mitcontrollernode-1] [INFO] [1786117668.435760900] [mit_controller_node]: Foot [1] has early contact
[mitcontrollernode-1] [INFO] [1786117669.102460549] [mit_controller_node]: Foot [1] has early contact
[mitcontrollernode-1] [INFO] [1786117669.769062434] [mit_controller_node]: Foot [1] has early contact
[mitcontrollernode-1] Updated state weights to: 30 30 30 30 30 30  1  1  1  1  1  1
[mitcontrollernode-1] [INFO] [1786117670.425187029] [mit_controller_node]: Foot [1] has early contact
[mitcontrollernode-1] [INFO] [1786117670.433389132] [mit_controller_node]: Foot [2] has early contact
[mitcontrollernode-1] [INFO] [1786117670.755695452] [mit_controller_node]: Foot [0] has early contact
[mitcontrollernode-1] [INFO] [1786117671.091890301] [mit_controller_node]: Foot [1] has early contact
[mitcontrollernode-1] [INFO] [1786117671.091968758] [mit_controller_node]: Foot [2] has early contact
[mitcontrollernode-1] [INFO] [1786117671.411745609] [mit_controller_node]: Foot [3] has early contact
[mitcontrollernode-1] [INFO] [1786117671.420250604] [mit_controller_node]: Foot [0] has early contact
[mitcontrollernode-1] [INFO] [1786117671.739889003] [mit_controller_node]: Foot [1] has early contact
[mitcontrollernode-1] [INFO] [1786117671.766673846] [mit_controller_node]: Foot [2] has early contact
[mitcontrollernode-1] [INFO] [1786117671.971993960] [mit_controller_node]: Foot [3] has early contact
[mitcontrollernode-1] [INFO] [1786117672.105651204] [mit_controller_node]: Foot [0] has early contact
[mitcontrollernode-1] [INFO] [1786117672.379757294] [mit_controller_node]: Foot [2] has early contact
[mitcontrollernode-1] [INFO] [1786117672.425202635] [mit_controller_node]: Foot [1] has early contact
[mitcontrollernode-1] [INFO] [1786117672.723781504] [mit_controller_node]: Foot [3] has early contact
[mitcontrollernode-1] [INFO] [1786117672.756747295] [mit_controller_node]: Changed parameter simple_gait_sequencer.gait sucessfully
[mitcontrollernode-1] [INFO] [1786117672.756785928] [mit_controller_node]: Gait related parameter has changed, reloading gait sequencer
[mitcontrollernode-1] [INFO] [1786117672.756882540] [mit_controller_node]: Creating simple gait sequencer
[mitcontrollernode-1] [INFO] [1786117672.756899413] [mit_controller_node]: Create gait of type [STAND]
[mitcontrollernode-1] [INFO] [1786117683.450591017] [mit_controller_node]: Changed parameter simple_gait_sequencer.gait sucessfully
[mitcontrollernode-1] [INFO] [1786117683.450638127] [mit_controller_node]: Gait related parameter has changed, reloading gait sequencer
[mitcontrollernode-1] [INFO] [1786117683.450693059] [mit_controller_node]: Creating simple gait sequencer
[mitcontrollernode-1] [INFO] [1786117683.450711455] [mit_controller_node]: Create gait of type [WALKING_TROT]
[mitcontrollernode-1] [INFO] [1786117684.044077235] [mit_controller_node]: Foot [0] has early contact
[mitcontrollernode-1] [INFO] [1786117684.097168169] [mit_controller_node]: Foot [3] has early contact
[mitcontrollernode-1] [INFO] [1786117684.321273709] [mit_controller_node]: Foot [1] has early contact
[mitcontrollernode-1] [INFO] [1786117684.406817615] [mit_controller_node]: Foot [1] has early contact
[mitcontrollernode-1] [INFO] [1786117684.677254137] [mit_controller_node]: Foot [3] has early contact
[mitcontrollernode-1] Updated state weights to:     20    200     50 0.0001 0.0001    100    0.2    0.2    0.8     20     20    0.3
[mitcontrollernode-1] [INFO] [1786117684.780088187] [mit_controller_node]: Foot [0] has early contact
[mitcontrollernode-1] [INFO] [1786117685.083764036] [mit_controller_node]: Foot [2] has early contact
[mitcontrollernode-1] [INFO] [1786117685.654387428] [mit_controller_node]: Foot [2] has early contact
[mitcontrollernode-1] [INFO] [1786117685.729263304] [mit_controller_node]: Foot [1] has early contact
[mitcontrollernode-1] [INFO] [1786117686.440856227] [mit_controller_node]: Foot [1] has early contact
[mitcontrollernode-1] [INFO] [1786117687.771708266] [mit_controller_node]: Foot [2] has early contact
[mitcontrollernode-1] [INFO] [1786117687.781098675] [mit_controller_node]: Foot [1] has early contact
[mitcontrollernode-1] [INFO] [1786117688.438439702] [mit_controller_node]: Foot [1] has early contact
[mitcontrollernode-1] [INFO] [1786117688.451862866] [mit_controller_node]: Foot [2] has early contact
[mitcontrollernode-1] [INFO] [1786117689.118461518] [mit_controller_node]: Foot [1] has early contact
[mitcontrollernode-1] [INFO] [1786117689.449376943] [mit_controller_node]: Foot [0] has early contact
[mitcontrollernode-1] [INFO] [1786117689.451796872] [mit_controller_node]: Foot [3] has early contact
[mitcontrollernode-1] [INFO] [1786117690.110343893] [mit_controller_node]: Foot [0] has early contact
[mitcontrollernode-1] [INFO] [1786117690.116070426] [mit_controller_node]: Foot [3] has early contact
[mitcontrollernode-1] [INFO] [1786117690.785448596] [mit_controller_node]: Foot [0] has early contact
[mitcontrollernode-1] [INFO] [1786117690.785519169] [mit_controller_node]: Foot [3] has early contact
[mitcontrollernode-1] [INFO] [1786117691.451690134] [mit_controller_node]: Foot [0] has early contact
[mitcontrollernode-1] [INFO] [1786117692.116063098] [mit_controller_node]: Foot [0] has early contact
[mitcontrollernode-1] [INFO] [1786117692.118604858] [mit_controller_node]: Foot [3] has early contact
[mitcontrollernode-1] [INFO] [1786117692.775634806] [mit_controller_node]: Foot [3] has early contact
[mitcontrollernode-1] [INFO] [1786117693.435669076] [mit_controller_node]: Foot [0] has early contact
[mitcontrollernode-1] [INFO] [1786117693.441440303] [mit_controller_node]: Foot [3] has early contact
[mitcontrollernode-1] [INFO] [1786117694.102411336] [mit_controller_node]: Foot [0] has early contact
[mitcontrollernode-1] [INFO] [1786117694.108103986] [mit_controller_node]: Foot [3] has early contact
[mitcontrollernode-1] [INFO] [1786117694.771841833] [mit_controller_node]: Foot [0] has early contact
[mitcontrollernode-1] [INFO] [1786117694.777284319] [mit_controller_node]: Foot [3] has early contact
[mitcontrollernode-1] [INFO] [1786117695.443844033] [mit_controller_node]: Foot [0] has early contact
[mitcontrollernode-1] [INFO] [1786117695.446474179] [mit_controller_node]: Foot [3] has early contact
[mitcontrollernode-1] [INFO] [1786117696.113626116] [mit_controller_node]: Foot [0] has early contact
[mitcontrollernode-1] [INFO] [1786117696.118802049] [mit_controller_node]: Foot [3] has early contact
[mitcontrollernode-1] [INFO] [1786117696.777034464] [mit_controller_node]: Foot [0] has early contact
[mitcontrollernode-1] [INFO] [1786117696.782638736] [mit_controller_node]: Foot [3] has early contact
[mitcontrollernode-1] [INFO] [1786117697.446478116] [mit_controller_node]: Foot [0] has early contact
[mitcontrollernode-1] [INFO] [1786117697.449212629] [mit_controller_node]: Foot [3] has early contact
[mitcontrollernode-1] [INFO] [1786117698.110347647] [mit_controller_node]: Foot [0] has early contact
[mitcontrollernode-1] [INFO] [1786117698.113097029] [mit_controller_node]: Foot [3] has early contact
[mitcontrollernode-1] [INFO] [1786117698.772445513] [mit_controller_node]: Foot [0] has early contact
[mitcontrollernode-1] [INFO] [1786117698.777175404] [mit_controller_node]: Foot [3] has early contact
[mitcontrollernode-1] [INFO] [1786117699.441152988] [mit_controller_node]: Foot [0] has early contact
[mitcontrollernode-1] [INFO] [1786117699.443697312] [mit_controller_node]: Foot [3] has early contact
[mitcontrollernode-1] [INFO] [1786117700.105323751] [mit_controller_node]: Foot [0] has early contact
[mitcontrollernode-1] [INFO] [1786117700.110432597] [mit_controller_node]: Foot [3] has early contact
[mitcontrollernode-1] [INFO] [1786117700.774573734] [mit_controller_node]: Foot [0] has early contact
[mitcontrollernode-1] [INFO] [1786117700.777164696] [mit_controller_node]: Foot [3] has early contact
[mitcontrollernode-1] [INFO] [1786117701.438600092] [mit_controller_node]: Foot [0] has early contact
[mitcontrollernode-1] [INFO] [1786117701.441195572] [mit_controller_node]: Foot [3] has early contact
[mitcontrollernode-1] [INFO] [1786117702.108163029] [mit_controller_node]: Foot [0] has early contact
[mitcontrollernode-1] [INFO] [1786117702.110430550] [mit_controller_node]: Foot [3] has early contact
[mitcontrollernode-1] [INFO] [1786117702.777050580] [mit_controller_node]: Foot [0] has early contact
[mitcontrollernode-1] [INFO] [1786117702.782471927] [mit_controller_node]: Foot [3] has early contact
[mitcontrollernode-1] [INFO] [1786117703.435818379] [mit_controller_node]: Foot [0] has early contact
[mitcontrollernode-1] [INFO] [1786117703.438456561] [mit_controller_node]: Foot [3] has early contact
[mitcontrollernode-1] [INFO] [1786117704.102414446] [mit_controller_node]: Foot [0] has early contact
[mitcontrollernode-1] [INFO] [1786117704.105166523] [mit_controller_node]: Foot [3] has early contact
[mitcontrollernode-1] [INFO] [1786117704.774481273] [mit_controller_node]: Foot [0] has early contact
[mitcontrollernode-1] [INFO] [1786117704.777137770] [mit_controller_node]: Foot [3] has early contact
[mitcontrollernode-1] [INFO] [1786117705.435758583] [mit_controller_node]: Foot [0] has early contact
[mitcontrollernode-1] [INFO] [1786117705.435853603] [mit_controller_node]: Foot [3] has early contact
[mitcontrollernode-1] [INFO] [1786117706.107745503] [mit_controller_node]: Foot [0] has early contact
[mitcontrollernode-1] [INFO] [1786117706.107794636] [mit_controller_node]: Foot [3] has early contact
[mitcontrollernode-1] [INFO] [1786117706.774317635] [mit_controller_node]: Foot [0] has early contact
[mitcontrollernode-1] [INFO] [1786117706.777014398] [mit_controller_node]: Foot [3] has early contact
[mitcontrollernode-1] [INFO] [1786117707.441187829] [mit_controller_node]: Foot [0] has early contact
[mitcontrollernode-1] [INFO] [1786117707.443748534] [mit_controller_node]: Foot [3] has early contact
[mitcontrollernode-1] [INFO] [1786117708.105471403] [mit_controller_node]: Foot [0] has early contact
[mitcontrollernode-1] [INFO] [1786117708.105535193] [mit_controller_node]: Foot [3] has early contact
[mitcontrollernode-1] [INFO] [1786117708.774510967] [mit_controller_node]: Foot [0] has early contact
[mitcontrollernode-1] [INFO] [1786117708.779975466] [mit_controller_node]: Foot [3] has early contact
[mitcontrollernode-1] [INFO] [1786117709.441073581] [mit_controller_node]: Foot [0] has early contact
[mitcontrollernode-1] [INFO] [1786117709.443741809] [mit_controller_node]: Foot [3] has early contact
[mitcontrollernode-1] [INFO] [1786117710.112985352] [mit_controller_node]: Foot [0] has early contact
[mitcontrollernode-1] [INFO] [1786117710.113031309] [mit_controller_node]: Foot [3] has early contact
[mitcontrollernode-1] [INFO] [1786117710.774699625] [mit_controller_node]: Foot [0] has early contact
[mitcontrollernode-1] [INFO] [1786117710.777182382] [mit_controller_node]: Foot [3] has early contact
[mitcontrollernode-1] Updated state weights to: 30 30 30 30 30 30  1  1  1  1  1  1
[mitcontrollernode-1] [INFO] [1786117711.438533016] [mit_controller_node]: Foot [0] has early contact
[mitcontrollernode-1] [INFO] [1786117711.444243159] [mit_controller_node]: Foot [3] has early contact
[mitcontrollernode-1] [INFO] [1786117712.067772313] [mit_controller_node]: Foot [0] has early contact
[mitcontrollernode-1] [INFO] [1786117712.113299329] [mit_controller_node]: Foot [3] has early contact
[mitcontrollernode-1] [INFO] [1786117713.525964565] [mit_controller_node]: Foot [0] has early contact
[mitcontrollernode-1] [INFO] [1786117713.526164693] [mit_controller_node]: Foot [3] has early contact
[mitcontrollernode-1] [INFO] [1786117714.105328334] [mit_controller_node]: Foot [0] has early contact
[mitcontrollernode-1] [INFO] [1786117714.414422908] [mit_controller_node]: Foot [1] has early contact
[mitcontrollernode-1] [INFO] [1786117714.747735597] [mit_controller_node]: Foot [3] has early contact
[mitcontrollernode-1] [INFO] [1786117714.777277177] [mit_controller_node]: Foot [0] has early contact
[mitcontrollernode-1] [INFO] [1786117715.086466170] [mit_controller_node]: Foot [1] has early contact
[mitcontrollernode-1] [INFO] [1786117715.412249967] [mit_controller_node]: Foot [3] has early contact
[mitcontrollernode-1] [INFO] [1786117715.654524575] [mit_controller_node]: Foot [1] has early contact
[mitcontrollernode-1] [INFO] [1786117715.829355846] [mit_controller_node]: Changed parameter simple_gait_sequencer.gait sucessfully
[mitcontrollernode-1] [INFO] [1786117715.829394840] [mit_controller_node]: Gait related parameter has changed, reloading gait sequencer
[mitcontrollernode-1] [INFO] [1786117715.829457298] [mit_controller_node]: Creating simple gait sequencer
[mitcontrollernode-1] [INFO] [1786117715.829466706] [mit_controller_node]: Create gait of type [STAND]
